// Jest Snapshot v1, https://goo.gl/fbAQLP

exports[`<Landing /> Snapshot test for <Landing /> 1`] = `
<div
  className="section page-wrapper"
>
  <div
    className="container form-wrapper"
  >
    <form
      className="form field has-addons"
      onSubmit={[Function]}
    >
      <div
        className="control has-icons-left"
      >
        <input
          className="input"
          name="github-username"
          onChange={[Function]}
          placeholder="What's your GitHub username?"
          type="text"
        />
        <span
          className="icon is-small is-left"
        >
          <svg
            className="rotate"
            clipRule="evenodd"
            fill="silver"
            fillRule="evenodd"
            height="24"
            width="24"
            xmlns="http://www.w3.org/2000/svg"
          >
            <path
              d="M12 0c-6.627 0-12 5.373-12 12s5.373 12 12 12 12-5.373 12-12-5.373-12-12-12zm7.753 18.305c-.261-.586-.789-.991-1.871-1.241-2.293-.529-4.428-.993-3.393-2.945 3.145-5.942.833-9.119-2.489-9.119-3.388 0-5.644 3.299-2.489 9.119 1.066 1.964-1.148 2.427-3.393 2.945-1.084.25-1.608.658-1.867 1.246-1.405-1.723-2.251-3.919-2.251-6.31 0-5.514 4.486-10 10-10s10 4.486 10 10c0 2.389-.845 4.583-2.247 6.305z"
            />
             
          </svg>
        </span>
      </div>
      <div
        className="control"
      >
        <button
          className="button"
        >
          Submit
        </button>
      </div>
    </form>
  </div>
</div>
`;
